{'threadName': 'MainThread', 'name': 'root', 'thread': 139713747650304, 'created': 1532059524.842151, 'process': 3161, 'processName': 'MainProcess', 'args': (), 'module': 'logging_ex', 'filename': 'logging_ex.py', 'levelno': 10, 'exc_text': None, 'pathname': 'logging_ex.py', 'lineno': 24, 'msg': 'Add : 15.4 + 20.5 = 35.9', 'exc_info': None, 'message': 'Add : 15.4 + 20.5 = 35.9', 'funcName': '<module>', 'relativeCreated': 2.071857452392578, 'levelname': 'DEBUG', 'msecs': 842.1509265899658}(asctime)s:DEBUG:Add : 15.4 + 20.5 = 35.9
{'threadName': 'MainThread', 'name': 'root', 'thread': 139713747650304, 'created': 1532059524.842641, 'process': 3161, 'processName': 'MainProcess', 'args': (), 'module': 'logging_ex', 'filename': 'logging_ex.py', 'levelno': 10, 'exc_text': None, 'pathname': 'logging_ex.py', 'lineno': 27, 'msg': 'Mul : 15.4 * 20.5 = 315.7', 'exc_info': None, 'message': 'Mul : 15.4 * 20.5 = 315.7', 'funcName': '<module>', 'relativeCreated': 2.5620460510253906, 'levelname': 'DEBUG', 'msecs': 842.6411151885986}(asctime)s:DEBUG:Mul : 15.4 * 20.5 = 315.7
{'threadName': 'MainThread', 'name': 'root', 'thread': 139713747650304, 'created': 1532059524.842865, 'process': 3161, 'processName': 'MainProcess', 'args': (), 'module': 'logging_ex', 'filename': 'logging_ex.py', 'levelno': 10, 'exc_text': None, 'pathname': 'logging_ex.py', 'lineno': 30, 'msg': 'Add : 15.4 + 20.5 = 0.751219512195', 'exc_info': None, 'message': 'Add : 15.4 + 20.5 = 0.751219512195', 'funcName': '<module>', 'relativeCreated': 2.785921096801758, 'levelname': 'DEBUG', 'msecs': 842.864990234375}(asctime)s:DEBUG:Add : 15.4 + 20.5 = 0.751219512195
